// Jest Snapshot v1, https://goo.gl/fbAQLP

exports[`Model JwtSession should have a valid JSON schema 1`] = `
{
  "additionalProperties": false,
  "bsonType": "object",
  "properties": {
    "_id": {
      "bsonType": "objectId",
    },
    "jwt": {
      "bsonType": "string",
      "description": "Session token",
    },
  },
  "required": [
    "jwt",
  ],
}
`;
